Build started 2025-08-10 12:59:52 AM.
     1>Project "C:\Users\david\GitHub\WindsurfProjects\emma-clean\src\Emma.Api\Emma.Api.csproj" on node 1 (Restore target(s)).
     1>_GetAllRestoreProjectPathItems:
         Determining projects to restore...
       Restore:
         X.509 certificate chain validation will use the default trust store selected by .NET for code signing.
         X.509 certificate chain validation will use the default trust store selected by .NET for timestamping.
         Assets file has not changed. Skipping assets file writing. Path: C:\Users\david\GitHub\WindsurfProjects\emma-clean\src\Emma.Core\obj\project.assets.json
         Assets file has not changed. Skipping assets file writing. Path: C:\Users\david\GitHub\WindsurfProjects\emma-clean\src\Emma.Models\obj\project.assets.json
         Assets file has not changed. Skipping assets file writing. Path: C:\Users\david\GitHub\WindsurfProjects\emma-clean\src\Emma.Infrastructure\obj\project.assets.json
         Assets file has not changed. Skipping assets file writing. Path: C:\Users\david\GitHub\WindsurfProjects\emma-clean\src\Emma.Core.Interfaces\obj\project.assets.json
         Assets file has not changed. Skipping assets file writing. Path: C:\Users\david\GitHub\WindsurfProjects\emma-clean\src\Emma.Api\obj\project.assets.json
         Assets file has not changed. Skipping assets file writing. Path: C:\Users\david\GitHub\WindsurfProjects\emma-clean\src\Emma.Data\obj\project.assets.json
         Restored C:\Users\david\GitHub\WindsurfProjects\emma-clean\src\Emma.Api\Emma.Api.csproj (in 50 ms).
         Restored C:\Users\david\GitHub\WindsurfProjects\emma-clean\src\Emma.Models\Emma.Models.csproj (in 47 ms).
         Restored C:\Users\david\GitHub\WindsurfProjects\emma-clean\src\Emma.Data\Emma.Data.csproj (in 50 ms).
         Restored C:\Users\david\GitHub\WindsurfProjects\emma-clean\src\Emma.Core.Interfaces\Emma.Core.Interfaces.csproj (in 47 ms).
         Restored C:\Users\david\GitHub\WindsurfProjects\emma-clean\src\Emma.Infrastructure\Emma.Infrastructure.csproj (in 47 ms).
         Restored C:\Users\david\GitHub\WindsurfProjects\emma-clean\src\Emma.Core\Emma.Core.csproj (in 47 ms).
         
         NuGet Config files used:
             C:\Users\david\GitHub\WindsurfProjects\emma-clean\NuGet.Config
             C:\Users\david\AppData\Roaming\NuGet\NuGet.Config
         
         Feeds used:
             C:\Users\david\GitHub\WindsurfProjects\emma-clean\nuget-local-cache
             https://api.nuget.org/v3/index.json
         All projects are up-to-date for restore.
     1>Done Building Project "C:\Users\david\GitHub\WindsurfProjects\emma-clean\src\Emma.Api\Emma.Api.csproj" (Restore target(s)).
   1:7>Project "C:\Users\david\GitHub\WindsurfProjects\emma-clean\src\Emma.Api\Emma.Api.csproj" on node 2 (default targets).
   1:7>Project "C:\Users\david\GitHub\WindsurfProjects\emma-clean\src\Emma.Api\Emma.Api.csproj" (1:7) is building "C:\Users\david\GitHub\WindsurfProjects\emma-clean\src\Emma.Models\Emma.Models.csproj" (5:10) on node 3 (default targets).
     5>GenerateTargetFrameworkMonikerAttribute:
       Skipping target "GenerateTargetFrameworkMonikerAttribute" because all output files are up-to-date with respect to the input files.
       CoreGenerateAssemblyInfo:
       Skipping target "CoreGenerateAssemblyInfo" because all output files are up-to-date with respect to the input files.
       _GenerateSourceLinkFile:
         Source Link file 'obj\Debug\net8.0\Emma.Models.sourcelink.json' is up-to-date.
       CoreCompile:
       Skipping target "CoreCompile" because all output files are up-to-date with respect to the input files.
       GenerateBuildDependencyFile:
       Skipping target "GenerateBuildDependencyFile" because all output files are up-to-date with respect to the input files.
       CopyFilesToOutputDirectory:
         Emma.Models -> C:\Users\david\GitHub\WindsurfProjects\emma-clean\src\Emma.Models\bin\Debug\net8.0\Emma.Models.dll
     5>Done Building Project "C:\Users\david\GitHub\WindsurfProjects\emma-clean\src\Emma.Models\Emma.Models.csproj" (default targets).
   1:7>Project "C:\Users\david\GitHub\WindsurfProjects\emma-clean\src\Emma.Api\Emma.Api.csproj" (1:7) is building "C:\Users\david\GitHub\WindsurfProjects\emma-clean\src\Emma.Core\Emma.Core.csproj" (3:7) on node 4 (default targets).
     3>GenerateTargetFrameworkMonikerAttribute:
       Skipping target "GenerateTargetFrameworkMonikerAttribute" because all output files are up-to-date with respect to the input files.
   1:7>Project "C:\Users\david\GitHub\WindsurfProjects\emma-clean\src\Emma.Api\Emma.Api.csproj" (1:7) is building "C:\Users\david\GitHub\WindsurfProjects\emma-clean\src\Emma.Core.Interfaces\Emma.Core.Interfaces.csproj" (4:7) on node 2 (default targets).
     4>GenerateTargetFrameworkMonikerAttribute:
       Skipping target "GenerateTargetFrameworkMonikerAttribute" because all output files are up-to-date with respect to the input files.
     3>CoreGenerateAssemblyInfo:
       Skipping target "CoreGenerateAssemblyInfo" because all output files are up-to-date with respect to the input files.
     4>CoreGenerateAssemblyInfo:
       Skipping target "CoreGenerateAssemblyInfo" because all output files are up-to-date with respect to the input files.
     3>_GenerateSourceLinkFile:
         Source Link file 'obj\Debug\net8.0\Emma.Core.sourcelink.json' is up-to-date.
     4>_GenerateSourceLinkFile:
         Source Link file 'obj\Debug\net8.0\Emma.Core.Interfaces.sourcelink.json' is up-to-date.
     3>CoreCompile:
       Skipping target "CoreCompile" because all output files are up-to-date with respect to the input files.
     4>CoreCompile:
       Skipping target "CoreCompile" because all output files are up-to-date with respect to the input files.
     3>GenerateBuildDependencyFile:
       Skipping target "GenerateBuildDependencyFile" because all output files are up-to-date with respect to the input files.
   1:7>Project "C:\Users\david\GitHub\WindsurfProjects\emma-clean\src\Emma.Api\Emma.Api.csproj" (1:7) is building "C:\Users\david\GitHub\WindsurfProjects\emma-clean\src\Emma.Data\Emma.Data.csproj" (2:6) on node 5 (default targets).
     2>GenerateTargetFrameworkMonikerAttribute:
       Skipping target "GenerateTargetFrameworkMonikerAttribute" because all output files are up-to-date with respect to the input files.
     4>GenerateBuildDependencyFile:
       Skipping target "GenerateBuildDependencyFile" because all output files are up-to-date with respect to the input files.
     3>CopyFilesToOutputDirectory:
         Emma.Core -> C:\Users\david\GitHub\WindsurfProjects\emma-clean\src\Emma.Core\bin\Debug\net8.0\Emma.Core.dll
     4>CopyFilesToOutputDirectory:
         Emma.Core.Interfaces -> C:\Users\david\GitHub\WindsurfProjects\emma-clean\src\Emma.Core.Interfaces\bin\Debug\net8.0\Emma.Core.Interfaces.dll
     3>Done Building Project "C:\Users\david\GitHub\WindsurfProjects\emma-clean\src\Emma.Core\Emma.Core.csproj" (default targets).
     4>Done Building Project "C:\Users\david\GitHub\WindsurfProjects\emma-clean\src\Emma.Core.Interfaces\Emma.Core.Interfaces.csproj" (default targets).
     2>_GenerateSourceLinkFile:
         Source Link file 'obj\Debug\net8.0\Emma.Data.sourcelink.json' is up-to-date.
       CoreCompile:
       Skipping target "CoreCompile" because all output files are up-to-date with respect to the input files.
       GenerateBuildDependencyFile:
       Skipping target "GenerateBuildDependencyFile" because all output files are up-to-date with respect to the input files.
       GenerateBuildRuntimeConfigurationFiles:
       Skipping target "GenerateBuildRuntimeConfigurationFiles" because all output files are up-to-date with respect to the input files.
       CopyFilesToOutputDirectory:
         Emma.Data -> C:\Users\david\GitHub\WindsurfProjects\emma-clean\src\Emma.Data\bin\Debug\net8.0\Emma.Data.dll
     2>Done Building Project "C:\Users\david\GitHub\WindsurfProjects\emma-clean\src\Emma.Data\Emma.Data.csproj" (default targets).
   1:7>Project "C:\Users\david\GitHub\WindsurfProjects\emma-clean\src\Emma.Api\Emma.Api.csproj" (1:7) is building "C:\Users\david\GitHub\WindsurfProjects\emma-clean\src\Emma.Infrastructure\Emma.Infrastructure.csproj" (6:6) on node 1 (default targets).
     6>GenerateTargetFrameworkMonikerAttribute:
       Skipping target "GenerateTargetFrameworkMonikerAttribute" because all output files are up-to-date with respect to the input files.
       CoreGenerateAssemblyInfo:
       Skipping target "CoreGenerateAssemblyInfo" because all output files are up-to-date with respect to the input files.
       _GenerateSourceLinkFile:
         Source Link file 'obj\Debug\net8.0\Emma.Infrastructure.sourcelink.json' is up-to-date.
       CoreCompile:
       Skipping target "CoreCompile" because all output files are up-to-date with respect to the input files.
       GenerateBuildDependencyFile:
       Skipping target "GenerateBuildDependencyFile" because all output files are up-to-date with respect to the input files.
       GenerateBuildRuntimeConfigurationFiles:
       Skipping target "GenerateBuildRuntimeConfigurationFiles" because all output files are up-to-date with respect to the input files.
       CopyFilesToOutputDirectory:
         Emma.Infrastructure -> C:\Users\david\GitHub\WindsurfProjects\emma-clean\src\Emma.Infrastructure\bin\Debug\net8.0\Emma.Infrastructure.dll
     6>Done Building Project "C:\Users\david\GitHub\WindsurfProjects\emma-clean\src\Emma.Infrastructure\Emma.Infrastructure.csproj" (default targets).
     1>GenerateTargetFrameworkMonikerAttribute:
       Skipping target "GenerateTargetFrameworkMonikerAttribute" because all output files are up-to-date with respect to the input files.
       CoreGenerateAssemblyInfo:
       Skipping target "CoreGenerateAssemblyInfo" because all output files are up-to-date with respect to the input files.
       _DiscoverMvcApplicationParts:
       Skipping target "_DiscoverMvcApplicationParts" because all output files are up-to-date with respect to the input files.
       _GenerateSourceLinkFile:
         Source Link file 'obj\Debug\net8.0\Emma.Api.sourcelink.json' is up-to-date.
       CoreCompile:
       Skipping target "CoreCompile" because all output files are up-to-date with respect to the input files.
       _CreateAppHost:
       Skipping target "_CreateAppHost" because all output files are up-to-date with respect to the input files.
       _GenerateScopedCssFiles:
       Skipping target "_GenerateScopedCssFiles" because it has no outputs.
       _GenerateScopedCssFiles:
       Skipping target "_GenerateScopedCssFiles" because it has no outputs.
       _BuildCopyStaticWebAssetsPreserveNewest:
       Skipping target "_BuildCopyStaticWebAssetsPreserveNewest" because it has no outputs.
       _CopyFilesMarkedCopyLocal:
         Copying file from "C:\Users\david\GitHub\WindsurfProjects\emma-clean\src\Emma.Infrastructure\bin\Debug\net8.0\Emma.Infrastructure.dll" to "C:\Users\david\GitHub\WindsurfProjects\emma-clean\src\Emma.Api\bin\Debug\net8.0\Emma.Infrastructure.dll".
     1>C:\Program Files\dotnet\sdk\8.0.409\Microsoft.Common.CurrentVersion.targets(5034,5): warning MSB3026: Could not copy "C:\Users\david\GitHub\WindsurfProjects\emma-clean\src\Emma.Infrastructure\bin\Debug\net8.0\Emma.Infrastructure.dll" to "bin\Debug\net8.0\Emma.Infrastructure.dll". Beginning retry 1 in 1000ms. The process cannot access the file 'C:\Users\david\GitHub\WindsurfProjects\emma-clean\src\Emma.Api\bin\Debug\net8.0\Emma.Infrastructure.dll' because it is being used by another process. The file is locked by: "Emma.Api (29968)" [C:\Users\david\GitHub\WindsurfProjects\emma-clean\src\Emma.Api\Emma.Api.csproj]
         Copying file from "C:\Users\david\GitHub\WindsurfProjects\emma-clean\src\Emma.Infrastructure\bin\Debug\net8.0\Emma.Infrastructure.dll" to "C:\Users\david\GitHub\WindsurfProjects\emma-clean\src\Emma.Api\bin\Debug\net8.0\Emma.Infrastructure.dll".
     1>C:\Program Files\dotnet\sdk\8.0.409\Microsoft.Common.CurrentVersion.targets(5034,5): warning MSB3026: Could not copy "C:\Users\david\GitHub\WindsurfProjects\emma-clean\src\Emma.Infrastructure\bin\Debug\net8.0\Emma.Infrastructure.dll" to "bin\Debug\net8.0\Emma.Infrastructure.dll". Beginning retry 2 in 1000ms. The process cannot access the file 'C:\Users\david\GitHub\WindsurfProjects\emma-clean\src\Emma.Api\bin\Debug\net8.0\Emma.Infrastructure.dll' because it is being used by another process. The file is locked by: "Emma.Api (29968)" [C:\Users\david\GitHub\WindsurfProjects\emma-clean\src\Emma.Api\Emma.Api.csproj]
         Copying file from "C:\Users\david\GitHub\WindsurfProjects\emma-clean\src\Emma.Infrastructure\bin\Debug\net8.0\Emma.Infrastructure.dll" to "C:\Users\david\GitHub\WindsurfProjects\emma-clean\src\Emma.Api\bin\Debug\net8.0\Emma.Infrastructure.dll".
     1>C:\Program Files\dotnet\sdk\8.0.409\Microsoft.Common.CurrentVersion.targets(5034,5): warning MSB3026: Could not copy "C:\Users\david\GitHub\WindsurfProjects\emma-clean\src\Emma.Infrastructure\bin\Debug\net8.0\Emma.Infrastructure.dll" to "bin\Debug\net8.0\Emma.Infrastructure.dll". Beginning retry 3 in 1000ms. The process cannot access the file 'C:\Users\david\GitHub\WindsurfProjects\emma-clean\src\Emma.Api\bin\Debug\net8.0\Emma.Infrastructure.dll' because it is being used by another process. The file is locked by: "Emma.Api (29968)" [C:\Users\david\GitHub\WindsurfProjects\emma-clean\src\Emma.Api\Emma.Api.csproj]
         Copying file from "C:\Users\david\GitHub\WindsurfProjects\emma-clean\src\Emma.Infrastructure\bin\Debug\net8.0\Emma.Infrastructure.dll" to "C:\Users\david\GitHub\WindsurfProjects\emma-clean\src\Emma.Api\bin\Debug\net8.0\Emma.Infrastructure.dll".
     1>C:\Program Files\dotnet\sdk\8.0.409\Microsoft.Common.CurrentVersion.targets(5034,5): warning MSB3026: Could not copy "C:\Users\david\GitHub\WindsurfProjects\emma-clean\src\Emma.Infrastructure\bin\Debug\net8.0\Emma.Infrastructure.dll" to "bin\Debug\net8.0\Emma.Infrastructure.dll". Beginning retry 4 in 1000ms. The process cannot access the file 'C:\Users\david\GitHub\WindsurfProjects\emma-clean\src\Emma.Api\bin\Debug\net8.0\Emma.Infrastructure.dll' because it is being used by another process. The file is locked by: "Emma.Api (29968)" [C:\Users\david\GitHub\WindsurfProjects\emma-clean\src\Emma.Api\Emma.Api.csproj]
         Copying file from "C:\Users\david\GitHub\WindsurfProjects\emma-clean\src\Emma.Infrastructure\bin\Debug\net8.0\Emma.Infrastructure.dll" to "C:\Users\david\GitHub\WindsurfProjects\emma-clean\src\Emma.Api\bin\Debug\net8.0\Emma.Infrastructure.dll".
     1>C:\Program Files\dotnet\sdk\8.0.409\Microsoft.Common.CurrentVersion.targets(5034,5): warning MSB3026: Could not copy "C:\Users\david\GitHub\WindsurfProjects\emma-clean\src\Emma.Infrastructure\bin\Debug\net8.0\Emma.Infrastructure.dll" to "bin\Debug\net8.0\Emma.Infrastructure.dll". Beginning retry 5 in 1000ms. The process cannot access the file 'C:\Users\david\GitHub\WindsurfProjects\emma-clean\src\Emma.Api\bin\Debug\net8.0\Emma.Infrastructure.dll' because it is being used by another process. The file is locked by: "Emma.Api (29968)" [C:\Users\david\GitHub\WindsurfProjects\emma-clean\src\Emma.Api\Emma.Api.csproj]
         Copying file from "C:\Users\david\GitHub\WindsurfProjects\emma-clean\src\Emma.Infrastructure\bin\Debug\net8.0\Emma.Infrastructure.dll" to "C:\Users\david\GitHub\WindsurfProjects\emma-clean\src\Emma.Api\bin\Debug\net8.0\Emma.Infrastructure.dll".
     1>C:\Program Files\dotnet\sdk\8.0.409\Microsoft.Common.CurrentVersion.targets(5034,5): warning MSB3026: Could not copy "C:\Users\david\GitHub\WindsurfProjects\emma-clean\src\Emma.Infrastructure\bin\Debug\net8.0\Emma.Infrastructure.dll" to "bin\Debug\net8.0\Emma.Infrastructure.dll". Beginning retry 6 in 1000ms. The process cannot access the file 'C:\Users\david\GitHub\WindsurfProjects\emma-clean\src\Emma.Api\bin\Debug\net8.0\Emma.Infrastructure.dll' because it is being used by another process. The file is locked by: "Emma.Api (29968)" [C:\Users\david\GitHub\WindsurfProjects\emma-clean\src\Emma.Api\Emma.Api.csproj]
         Copying file from "C:\Users\david\GitHub\WindsurfProjects\emma-clean\src\Emma.Infrastructure\bin\Debug\net8.0\Emma.Infrastructure.dll" to "C:\Users\david\GitHub\WindsurfProjects\emma-clean\src\Emma.Api\bin\Debug\net8.0\Emma.Infrastructure.dll".
     1>C:\Program Files\dotnet\sdk\8.0.409\Microsoft.Common.CurrentVersion.targets(5034,5): warning MSB3026: Could not copy "C:\Users\david\GitHub\WindsurfProjects\emma-clean\src\Emma.Infrastructure\bin\Debug\net8.0\Emma.Infrastructure.dll" to "bin\Debug\net8.0\Emma.Infrastructure.dll". Beginning retry 7 in 1000ms. The process cannot access the file 'C:\Users\david\GitHub\WindsurfProjects\emma-clean\src\Emma.Api\bin\Debug\net8.0\Emma.Infrastructure.dll' because it is being used by another process. The file is locked by: "Emma.Api (29968)" [C:\Users\david\GitHub\WindsurfProjects\emma-clean\src\Emma.Api\Emma.Api.csproj]
         Copying file from "C:\Users\david\GitHub\WindsurfProjects\emma-clean\src\Emma.Infrastructure\bin\Debug\net8.0\Emma.Infrastructure.dll" to "C:\Users\david\GitHub\WindsurfProjects\emma-clean\src\Emma.Api\bin\Debug\net8.0\Emma.Infrastructure.dll".
     1>C:\Program Files\dotnet\sdk\8.0.409\Microsoft.Common.CurrentVersion.targets(5034,5): warning MSB3026: Could not copy "C:\Users\david\GitHub\WindsurfProjects\emma-clean\src\Emma.Infrastructure\bin\Debug\net8.0\Emma.Infrastructure.dll" to "bin\Debug\net8.0\Emma.Infrastructure.dll". Beginning retry 8 in 1000ms. The process cannot access the file 'C:\Users\david\GitHub\WindsurfProjects\emma-clean\src\Emma.Api\bin\Debug\net8.0\Emma.Infrastructure.dll' because it is being used by another process. The file is locked by: "Emma.Api (29968)" [C:\Users\david\GitHub\WindsurfProjects\emma-clean\src\Emma.Api\Emma.Api.csproj]
         Copying file from "C:\Users\david\GitHub\WindsurfProjects\emma-clean\src\Emma.Infrastructure\bin\Debug\net8.0\Emma.Infrastructure.dll" to "C:\Users\david\GitHub\WindsurfProjects\emma-clean\src\Emma.Api\bin\Debug\net8.0\Emma.Infrastructure.dll".
     1>C:\Program Files\dotnet\sdk\8.0.409\Microsoft.Common.CurrentVersion.targets(5034,5): warning MSB3026: Could not copy "C:\Users\david\GitHub\WindsurfProjects\emma-clean\src\Emma.Infrastructure\bin\Debug\net8.0\Emma.Infrastructure.dll" to "bin\Debug\net8.0\Emma.Infrastructure.dll". Beginning retry 9 in 1000ms. The process cannot access the file 'C:\Users\david\GitHub\WindsurfProjects\emma-clean\src\Emma.Api\bin\Debug\net8.0\Emma.Infrastructure.dll' because it is being used by another process. The file is locked by: "Emma.Api (29968)" [C:\Users\david\GitHub\WindsurfProjects\emma-clean\src\Emma.Api\Emma.Api.csproj]
         Copying file from "C:\Users\david\GitHub\WindsurfProjects\emma-clean\src\Emma.Infrastructure\bin\Debug\net8.0\Emma.Infrastructure.dll" to "C:\Users\david\GitHub\WindsurfProjects\emma-clean\src\Emma.Api\bin\Debug\net8.0\Emma.Infrastructure.dll".
     1>C:\Program Files\dotnet\sdk\8.0.409\Microsoft.Common.CurrentVersion.targets(5034,5): warning MSB3026: Could not copy "C:\Users\david\GitHub\WindsurfProjects\emma-clean\src\Emma.Infrastructure\bin\Debug\net8.0\Emma.Infrastructure.dll" to "bin\Debug\net8.0\Emma.Infrastructure.dll". Beginning retry 10 in 1000ms. The process cannot access the file 'C:\Users\david\GitHub\WindsurfProjects\emma-clean\src\Emma.Api\bin\Debug\net8.0\Emma.Infrastructure.dll' because it is being used by another process. The file is locked by: "Emma.Api (29968)" [C:\Users\david\GitHub\WindsurfProjects\emma-clean\src\Emma.Api\Emma.Api.csproj]
         Copying file from "C:\Users\david\GitHub\WindsurfProjects\emma-clean\src\Emma.Infrastructure\bin\Debug\net8.0\Emma.Infrastructure.dll" to "C:\Users\david\GitHub\WindsurfProjects\emma-clean\src\Emma.Api\bin\Debug\net8.0\Emma.Infrastructure.dll".
     1>C:\Program Files\dotnet\sdk\8.0.409\Microsoft.Common.CurrentVersion.targets(5034,5): error MSB3027: Could not copy "C:\Users\david\GitHub\WindsurfProjects\emma-clean\src\Emma.Infrastructure\bin\Debug\net8.0\Emma.Infrastructure.dll" to "bin\Debug\net8.0\Emma.Infrastructure.dll". Exceeded retry count of 10. Failed. The file is locked by: "Emma.Api (29968)" [C:\Users\david\GitHub\WindsurfProjects\emma-clean\src\Emma.Api\Emma.Api.csproj]
     1>C:\Program Files\dotnet\sdk\8.0.409\Microsoft.Common.CurrentVersion.targets(5034,5): error MSB3021: Unable to copy file "C:\Users\david\GitHub\WindsurfProjects\emma-clean\src\Emma.Infrastructure\bin\Debug\net8.0\Emma.Infrastructure.dll" to "bin\Debug\net8.0\Emma.Infrastructure.dll". The process cannot access the file 'C:\Users\david\GitHub\WindsurfProjects\emma-clean\src\Emma.Api\bin\Debug\net8.0\Emma.Infrastructure.dll' because it is being used by another process. [C:\Users\david\GitHub\WindsurfProjects\emma-clean\src\Emma.Api\Emma.Api.csproj]
     1>Done Building Project "C:\Users\david\GitHub\WindsurfProjects\emma-clean\src\Emma.Api\Emma.Api.csproj" (default targets) -- FAILED.

Build FAILED.

       "C:\Users\david\GitHub\WindsurfProjects\emma-clean\src\Emma.Api\Emma.Api.csproj" (default target) (1:7) ->
       (_CopyFilesMarkedCopyLocal target) -> 
         C:\Program Files\dotnet\sdk\8.0.409\Microsoft.Common.CurrentVersion.targets(5034,5): warning MSB3026: Could not copy "C:\Users\david\GitHub\WindsurfProjects\emma-clean\src\Emma.Infrastructure\bin\Debug\net8.0\Emma.Infrastructure.dll" to "bin\Debug\net8.0\Emma.Infrastructure.dll". Beginning retry 1 in 1000ms. The process cannot access the file 'C:\Users\david\GitHub\WindsurfProjects\emma-clean\src\Emma.Api\bin\Debug\net8.0\Emma.Infrastructure.dll' because it is being used by another process. The file is locked by: "Emma.Api (29968)" [C:\Users\david\GitHub\WindsurfProjects\emma-clean\src\Emma.Api\Emma.Api.csproj]
         C:\Program Files\dotnet\sdk\8.0.409\Microsoft.Common.CurrentVersion.targets(5034,5): warning MSB3026: Could not copy "C:\Users\david\GitHub\WindsurfProjects\emma-clean\src\Emma.Infrastructure\bin\Debug\net8.0\Emma.Infrastructure.dll" to "bin\Debug\net8.0\Emma.Infrastructure.dll". Beginning retry 2 in 1000ms. The process cannot access the file 'C:\Users\david\GitHub\WindsurfProjects\emma-clean\src\Emma.Api\bin\Debug\net8.0\Emma.Infrastructure.dll' because it is being used by another process. The file is locked by: "Emma.Api (29968)" [C:\Users\david\GitHub\WindsurfProjects\emma-clean\src\Emma.Api\Emma.Api.csproj]
         C:\Program Files\dotnet\sdk\8.0.409\Microsoft.Common.CurrentVersion.targets(5034,5): warning MSB3026: Could not copy "C:\Users\david\GitHub\WindsurfProjects\emma-clean\src\Emma.Infrastructure\bin\Debug\net8.0\Emma.Infrastructure.dll" to "bin\Debug\net8.0\Emma.Infrastructure.dll". Beginning retry 3 in 1000ms. The process cannot access the file 'C:\Users\david\GitHub\WindsurfProjects\emma-clean\src\Emma.Api\bin\Debug\net8.0\Emma.Infrastructure.dll' because it is being used by another process. The file is locked by: "Emma.Api (29968)" [C:\Users\david\GitHub\WindsurfProjects\emma-clean\src\Emma.Api\Emma.Api.csproj]
         C:\Program Files\dotnet\sdk\8.0.409\Microsoft.Common.CurrentVersion.targets(5034,5): warning MSB3026: Could not copy "C:\Users\david\GitHub\WindsurfProjects\emma-clean\src\Emma.Infrastructure\bin\Debug\net8.0\Emma.Infrastructure.dll" to "bin\Debug\net8.0\Emma.Infrastructure.dll". Beginning retry 4 in 1000ms. The process cannot access the file 'C:\Users\david\GitHub\WindsurfProjects\emma-clean\src\Emma.Api\bin\Debug\net8.0\Emma.Infrastructure.dll' because it is being used by another process. The file is locked by: "Emma.Api (29968)" [C:\Users\david\GitHub\WindsurfProjects\emma-clean\src\Emma.Api\Emma.Api.csproj]
         C:\Program Files\dotnet\sdk\8.0.409\Microsoft.Common.CurrentVersion.targets(5034,5): warning MSB3026: Could not copy "C:\Users\david\GitHub\WindsurfProjects\emma-clean\src\Emma.Infrastructure\bin\Debug\net8.0\Emma.Infrastructure.dll" to "bin\Debug\net8.0\Emma.Infrastructure.dll". Beginning retry 5 in 1000ms. The process cannot access the file 'C:\Users\david\GitHub\WindsurfProjects\emma-clean\src\Emma.Api\bin\Debug\net8.0\Emma.Infrastructure.dll' because it is being used by another process. The file is locked by: "Emma.Api (29968)" [C:\Users\david\GitHub\WindsurfProjects\emma-clean\src\Emma.Api\Emma.Api.csproj]
         C:\Program Files\dotnet\sdk\8.0.409\Microsoft.Common.CurrentVersion.targets(5034,5): warning MSB3026: Could not copy "C:\Users\david\GitHub\WindsurfProjects\emma-clean\src\Emma.Infrastructure\bin\Debug\net8.0\Emma.Infrastructure.dll" to "bin\Debug\net8.0\Emma.Infrastructure.dll". Beginning retry 6 in 1000ms. The process cannot access the file 'C:\Users\david\GitHub\WindsurfProjects\emma-clean\src\Emma.Api\bin\Debug\net8.0\Emma.Infrastructure.dll' because it is being used by another process. The file is locked by: "Emma.Api (29968)" [C:\Users\david\GitHub\WindsurfProjects\emma-clean\src\Emma.Api\Emma.Api.csproj]
         C:\Program Files\dotnet\sdk\8.0.409\Microsoft.Common.CurrentVersion.targets(5034,5): warning MSB3026: Could not copy "C:\Users\david\GitHub\WindsurfProjects\emma-clean\src\Emma.Infrastructure\bin\Debug\net8.0\Emma.Infrastructure.dll" to "bin\Debug\net8.0\Emma.Infrastructure.dll". Beginning retry 7 in 1000ms. The process cannot access the file 'C:\Users\david\GitHub\WindsurfProjects\emma-clean\src\Emma.Api\bin\Debug\net8.0\Emma.Infrastructure.dll' because it is being used by another process. The file is locked by: "Emma.Api (29968)" [C:\Users\david\GitHub\WindsurfProjects\emma-clean\src\Emma.Api\Emma.Api.csproj]
         C:\Program Files\dotnet\sdk\8.0.409\Microsoft.Common.CurrentVersion.targets(5034,5): warning MSB3026: Could not copy "C:\Users\david\GitHub\WindsurfProjects\emma-clean\src\Emma.Infrastructure\bin\Debug\net8.0\Emma.Infrastructure.dll" to "bin\Debug\net8.0\Emma.Infrastructure.dll". Beginning retry 8 in 1000ms. The process cannot access the file 'C:\Users\david\GitHub\WindsurfProjects\emma-clean\src\Emma.Api\bin\Debug\net8.0\Emma.Infrastructure.dll' because it is being used by another process. The file is locked by: "Emma.Api (29968)" [C:\Users\david\GitHub\WindsurfProjects\emma-clean\src\Emma.Api\Emma.Api.csproj]
         C:\Program Files\dotnet\sdk\8.0.409\Microsoft.Common.CurrentVersion.targets(5034,5): warning MSB3026: Could not copy "C:\Users\david\GitHub\WindsurfProjects\emma-clean\src\Emma.Infrastructure\bin\Debug\net8.0\Emma.Infrastructure.dll" to "bin\Debug\net8.0\Emma.Infrastructure.dll". Beginning retry 9 in 1000ms. The process cannot access the file 'C:\Users\david\GitHub\WindsurfProjects\emma-clean\src\Emma.Api\bin\Debug\net8.0\Emma.Infrastructure.dll' because it is being used by another process. The file is locked by: "Emma.Api (29968)" [C:\Users\david\GitHub\WindsurfProjects\emma-clean\src\Emma.Api\Emma.Api.csproj]
         C:\Program Files\dotnet\sdk\8.0.409\Microsoft.Common.CurrentVersion.targets(5034,5): warning MSB3026: Could not copy "C:\Users\david\GitHub\WindsurfProjects\emma-clean\src\Emma.Infrastructure\bin\Debug\net8.0\Emma.Infrastructure.dll" to "bin\Debug\net8.0\Emma.Infrastructure.dll". Beginning retry 10 in 1000ms. The process cannot access the file 'C:\Users\david\GitHub\WindsurfProjects\emma-clean\src\Emma.Api\bin\Debug\net8.0\Emma.Infrastructure.dll' because it is being used by another process. The file is locked by: "Emma.Api (29968)" [C:\Users\david\GitHub\WindsurfProjects\emma-clean\src\Emma.Api\Emma.Api.csproj]


       "C:\Users\david\GitHub\WindsurfProjects\emma-clean\src\Emma.Api\Emma.Api.csproj" (default target) (1:7) ->
       (_CopyFilesMarkedCopyLocal target) -> 
         C:\Program Files\dotnet\sdk\8.0.409\Microsoft.Common.CurrentVersion.targets(5034,5): error MSB3027: Could not copy "C:\Users\david\GitHub\WindsurfProjects\emma-clean\src\Emma.Infrastructure\bin\Debug\net8.0\Emma.Infrastructure.dll" to "bin\Debug\net8.0\Emma.Infrastructure.dll". Exceeded retry count of 10. Failed. The file is locked by: "Emma.Api (29968)" [C:\Users\david\GitHub\WindsurfProjects\emma-clean\src\Emma.Api\Emma.Api.csproj]
         C:\Program Files\dotnet\sdk\8.0.409\Microsoft.Common.CurrentVersion.targets(5034,5): error MSB3021: Unable to copy file "C:\Users\david\GitHub\WindsurfProjects\emma-clean\src\Emma.Infrastructure\bin\Debug\net8.0\Emma.Infrastructure.dll" to "bin\Debug\net8.0\Emma.Infrastructure.dll". The process cannot access the file 'C:\Users\david\GitHub\WindsurfProjects\emma-clean\src\Emma.Api\bin\Debug\net8.0\Emma.Infrastructure.dll' because it is being used by another process. [C:\Users\david\GitHub\WindsurfProjects\emma-clean\src\Emma.Api\Emma.Api.csproj]

    10 Warning(s)
    2 Error(s)

Time Elapsed 00:00:12.84
