  Determining projects to restore...
  All projects are up-to-date for restore.
  Emma.Models -> C:\Users\david\GitHub\WindsurfProjects\emma-clean\src\Emma.Models\bin\Debug\net8.0\Emma.Models.dll
  Emma.Core -> C:\Users\david\GitHub\WindsurfProjects\emma-clean\src\Emma.Core\bin\Debug\net8.0\Emma.Core.dll
  Emma.Core.Interfaces -> C:\Users\david\GitHub\WindsurfProjects\emma-clean\src\Emma.Core.Interfaces\bin\Debug\net8.0\Emma.Core.Interfaces.dll
C:\Users\david\GitHub\WindsurfProjects\emma-clean\src\Emma.Infrastructure\Data\EmmaDbContext.cs(99,22): warning CS0618: 'Resource' is obsolete: 'Resource is obsolete. Use Contact with RelationshipState instead.' [C:\Users\david\GitHub\WindsurfProjects\emma-clean\src\Emma.Infrastructure\Emma.Infrastructure.csproj]
C:\Users\david\GitHub\WindsurfProjects\emma-clean\src\Emma.Infrastructure\Data\EmmaDbContext.cs(100,22): warning CS0618: 'ResourceAssignment' is obsolete: 'ResourceAssignment is obsolete. Use ContactAssignment instead.' [C:\Users\david\GitHub\WindsurfProjects\emma-clean\src\Emma.Infrastructure\Emma.Infrastructure.csproj]
C:\Users\david\GitHub\WindsurfProjects\emma-clean\src\Emma.Infrastructure\Data\EmmaDbContext.cs(101,22): warning CS0618: 'ResourceRecommendation' is obsolete: 'ResourceRecommendation is obsolete. Use lightweight recommendation result objects based on Contact instead.' [C:\Users\david\GitHub\WindsurfProjects\emma-clean\src\Emma.Infrastructure\Emma.Infrastructure.csproj]
C:\Users\david\GitHub\WindsurfProjects\emma-clean\src\Emma.Infrastructure\Data\EmmaDbContextFactory.cs(129,32): error CS0246: The type or namespace name 'IInteractionRepository' could not be found (are you missing a using directive or an assembly reference?) [C:\Users\david\GitHub\WindsurfProjects\emma-clean\src\Emma.Infrastructure\Emma.Infrastructure.csproj]
C:\Users\david\GitHub\WindsurfProjects\emma-clean\src\Emma.Infrastructure\Data\EmmaDbContextFactory.cs(129,56): error CS0246: The type or namespace name 'InteractionRepository' could not be found (are you missing a using directive or an assembly reference?) [C:\Users\david\GitHub\WindsurfProjects\emma-clean\src\Emma.Infrastructure\Emma.Infrastructure.csproj]
C:\Users\david\GitHub\WindsurfProjects\emma-clean\src\Emma.Infrastructure\Data\EmmaDbContextFactory.cs(130,32): error CS0246: The type or namespace name 'IContactRepository' could not be found (are you missing a using directive or an assembly reference?) [C:\Users\david\GitHub\WindsurfProjects\emma-clean\src\Emma.Infrastructure\Emma.Infrastructure.csproj]
C:\Users\david\GitHub\WindsurfProjects\emma-clean\src\Emma.Infrastructure\Data\EmmaDbContextFactory.cs(130,52): error CS0246: The type or namespace name 'ContactRepository' could not be found (are you missing a using directive or an assembly reference?) [C:\Users\david\GitHub\WindsurfProjects\emma-clean\src\Emma.Infrastructure\Emma.Infrastructure.csproj]
C:\Users\david\GitHub\WindsurfProjects\emma-clean\src\Emma.Infrastructure\Data\EmmaDbContextFactory.cs(131,32): error CS0246: The type or namespace name 'IUserRepository' could not be found (are you missing a using directive or an assembly reference?) [C:\Users\david\GitHub\WindsurfProjects\emma-clean\src\Emma.Infrastructure\Emma.Infrastructure.csproj]
C:\Users\david\GitHub\WindsurfProjects\emma-clean\src\Emma.Infrastructure\Data\EmmaDbContextFactory.cs(131,49): error CS0246: The type or namespace name 'UserRepository' could not be found (are you missing a using directive or an assembly reference?) [C:\Users\david\GitHub\WindsurfProjects\emma-clean\src\Emma.Infrastructure\Emma.Infrastructure.csproj]
C:\Users\david\GitHub\WindsurfProjects\emma-clean\src\Emma.Infrastructure\Data\DatabaseInitializer.cs(109,17): error CS0117: 'Organization' does not contain a definition for 'Domain' [C:\Users\david\GitHub\WindsurfProjects\emma-clean\src\Emma.Infrastructure\Emma.Infrastructure.csproj]

Build FAILED.

C:\Users\david\GitHub\WindsurfProjects\emma-clean\src\Emma.Infrastructure\Data\EmmaDbContext.cs(99,22): warning CS0618: 'Resource' is obsolete: 'Resource is obsolete. Use Contact with RelationshipState instead.' [C:\Users\david\GitHub\WindsurfProjects\emma-clean\src\Emma.Infrastructure\Emma.Infrastructure.csproj]
C:\Users\david\GitHub\WindsurfProjects\emma-clean\src\Emma.Infrastructure\Data\EmmaDbContext.cs(100,22): warning CS0618: 'ResourceAssignment' is obsolete: 'ResourceAssignment is obsolete. Use ContactAssignment instead.' [C:\Users\david\GitHub\WindsurfProjects\emma-clean\src\Emma.Infrastructure\Emma.Infrastructure.csproj]
C:\Users\david\GitHub\WindsurfProjects\emma-clean\src\Emma.Infrastructure\Data\EmmaDbContext.cs(101,22): warning CS0618: 'ResourceRecommendation' is obsolete: 'ResourceRecommendation is obsolete. Use lightweight recommendation result objects based on Contact instead.' [C:\Users\david\GitHub\WindsurfProjects\emma-clean\src\Emma.Infrastructure\Emma.Infrastructure.csproj]
C:\Users\david\GitHub\WindsurfProjects\emma-clean\src\Emma.Infrastructure\Data\EmmaDbContextFactory.cs(129,32): error CS0246: The type or namespace name 'IInteractionRepository' could not be found (are you missing a using directive or an assembly reference?) [C:\Users\david\GitHub\WindsurfProjects\emma-clean\src\Emma.Infrastructure\Emma.Infrastructure.csproj]
C:\Users\david\GitHub\WindsurfProjects\emma-clean\src\Emma.Infrastructure\Data\EmmaDbContextFactory.cs(129,56): error CS0246: The type or namespace name 'InteractionRepository' could not be found (are you missing a using directive or an assembly reference?) [C:\Users\david\GitHub\WindsurfProjects\emma-clean\src\Emma.Infrastructure\Emma.Infrastructure.csproj]
C:\Users\david\GitHub\WindsurfProjects\emma-clean\src\Emma.Infrastructure\Data\EmmaDbContextFactory.cs(130,32): error CS0246: The type or namespace name 'IContactRepository' could not be found (are you missing a using directive or an assembly reference?) [C:\Users\david\GitHub\WindsurfProjects\emma-clean\src\Emma.Infrastructure\Emma.Infrastructure.csproj]
C:\Users\david\GitHub\WindsurfProjects\emma-clean\src\Emma.Infrastructure\Data\EmmaDbContextFactory.cs(130,52): error CS0246: The type or namespace name 'ContactRepository' could not be found (are you missing a using directive or an assembly reference?) [C:\Users\david\GitHub\WindsurfProjects\emma-clean\src\Emma.Infrastructure\Emma.Infrastructure.csproj]
C:\Users\david\GitHub\WindsurfProjects\emma-clean\src\Emma.Infrastructure\Data\EmmaDbContextFactory.cs(131,32): error CS0246: The type or namespace name 'IUserRepository' could not be found (are you missing a using directive or an assembly reference?) [C:\Users\david\GitHub\WindsurfProjects\emma-clean\src\Emma.Infrastructure\Emma.Infrastructure.csproj]
C:\Users\david\GitHub\WindsurfProjects\emma-clean\src\Emma.Infrastructure\Data\EmmaDbContextFactory.cs(131,49): error CS0246: The type or namespace name 'UserRepository' could not be found (are you missing a using directive or an assembly reference?) [C:\Users\david\GitHub\WindsurfProjects\emma-clean\src\Emma.Infrastructure\Emma.Infrastructure.csproj]
C:\Users\david\GitHub\WindsurfProjects\emma-clean\src\Emma.Infrastructure\Data\DatabaseInitializer.cs(109,17): error CS0117: 'Organization' does not contain a definition for 'Domain' [C:\Users\david\GitHub\WindsurfProjects\emma-clean\src\Emma.Infrastructure\Emma.Infrastructure.csproj]
    3 Warning(s)
    7 Error(s)

Time Elapsed 00:00:01.29
