  Emma.Data -> C:\Users\david\GitHub\windsurfProjects\emma\Emma.Data\bin\Debug\net8.0\Emma.Data.dll
  Emma.Core -> C:\Users\david\GitHub\windsurfProjects\emma\Emma.Core\bin\Debug\net8.0\Emma.Core.dll
C:\Users\david\GitHub\windsurfProjects\emma\Emma.Api\obj\Debug\net8.0\Emma.Api.AssemblyInfo.cs(13,12): error CS0579: Duplicate 'System.Reflection.AssemblyCompanyAttribute' attribute [C:\Users\david\GitHub\windsurfProjects\emma\Emma.Api\Emma.Api.csproj]
C:\Users\david\GitHub\windsurfProjects\emma\Emma.Api\obj\Debug\net8.0\Emma.Api.AssemblyInfo.cs(14,12): error CS0579: Duplicate 'System.Reflection.AssemblyConfigurationAttribute' attribute [C:\Users\david\GitHub\windsurfProjects\emma\Emma.Api\Emma.Api.csproj]
C:\Users\david\GitHub\windsurfProjects\emma\Emma.Api\obj\Debug\net8.0\Emma.Api.AssemblyInfo.cs(15,12): error CS0579: Duplicate 'System.Reflection.AssemblyFileVersionAttribute' attribute [C:\Users\david\GitHub\windsurfProjects\emma\Emma.Api\Emma.Api.csproj]
C:\Users\david\GitHub\windsurfProjects\emma\Emma.Api\obj\Debug\net8.0\Emma.Api.AssemblyInfo.cs(16,12): error CS0579: Duplicate 'System.Reflection.AssemblyInformationalVersionAttribute' attribute [C:\Users\david\GitHub\windsurfProjects\emma\Emma.Api\Emma.Api.csproj]
C:\Users\david\GitHub\windsurfProjects\emma\Emma.Api\obj\Debug\net8.0\Emma.Api.AssemblyInfo.cs(17,12): error CS0579: Duplicate 'System.Reflection.AssemblyProductAttribute' attribute [C:\Users\david\GitHub\windsurfProjects\emma\Emma.Api\Emma.Api.csproj]
C:\Users\david\GitHub\windsurfProjects\emma\Emma.Api\obj\Debug\net8.0\Emma.Api.AssemblyInfo.cs(18,12): error CS0579: Duplicate 'System.Reflection.AssemblyTitleAttribute' attribute [C:\Users\david\GitHub\windsurfProjects\emma\Emma.Api\Emma.Api.csproj]
C:\Users\david\GitHub\windsurfProjects\emma\Emma.Api\obj\Debug\net8.0\Emma.Api.AssemblyInfo.cs(19,12): error CS0579: Duplicate 'System.Reflection.AssemblyVersionAttribute' attribute [C:\Users\david\GitHub\windsurfProjects\emma\Emma.Api\Emma.Api.csproj]
C:\Users\david\GitHub\windsurfProjects\emma\Emma.Api\Services\InteractionSyncService.cs(5,7): warning CS0105: The using directive for 'Emma.Api.Models' appeared previously in this namespace [C:\Users\david\GitHub\windsurfProjects\emma\Emma.Api\Emma.Api.csproj]
C:\Users\david\GitHub\windsurfProjects\emma\Emma.Api\AllowAllAuthenticationHandler.cs(15,9): warning CS0618: 'ISystemClock' is obsolete: 'Use TimeProvider instead.' [C:\Users\david\GitHub\windsurfProjects\emma\Emma.Api\Emma.Api.csproj]

Build FAILED.

C:\Users\david\GitHub\windsurfProjects\emma\Emma.Api\Services\InteractionSyncService.cs(5,7): warning CS0105: The using directive for 'Emma.Api.Models' appeared previously in this namespace [C:\Users\david\GitHub\windsurfProjects\emma\Emma.Api\Emma.Api.csproj]
C:\Users\david\GitHub\windsurfProjects\emma\Emma.Api\AllowAllAuthenticationHandler.cs(15,9): warning CS0618: 'ISystemClock' is obsolete: 'Use TimeProvider instead.' [C:\Users\david\GitHub\windsurfProjects\emma\Emma.Api\Emma.Api.csproj]
C:\Users\david\GitHub\windsurfProjects\emma\Emma.Api\obj\Debug\net8.0\Emma.Api.AssemblyInfo.cs(13,12): error CS0579: Duplicate 'System.Reflection.AssemblyCompanyAttribute' attribute [C:\Users\david\GitHub\windsurfProjects\emma\Emma.Api\Emma.Api.csproj]
C:\Users\david\GitHub\windsurfProjects\emma\Emma.Api\obj\Debug\net8.0\Emma.Api.AssemblyInfo.cs(14,12): error CS0579: Duplicate 'System.Reflection.AssemblyConfigurationAttribute' attribute [C:\Users\david\GitHub\windsurfProjects\emma\Emma.Api\Emma.Api.csproj]
C:\Users\david\GitHub\windsurfProjects\emma\Emma.Api\obj\Debug\net8.0\Emma.Api.AssemblyInfo.cs(15,12): error CS0579: Duplicate 'System.Reflection.AssemblyFileVersionAttribute' attribute [C:\Users\david\GitHub\windsurfProjects\emma\Emma.Api\Emma.Api.csproj]
C:\Users\david\GitHub\windsurfProjects\emma\Emma.Api\obj\Debug\net8.0\Emma.Api.AssemblyInfo.cs(16,12): error CS0579: Duplicate 'System.Reflection.AssemblyInformationalVersionAttribute' attribute [C:\Users\david\GitHub\windsurfProjects\emma\Emma.Api\Emma.Api.csproj]
C:\Users\david\GitHub\windsurfProjects\emma\Emma.Api\obj\Debug\net8.0\Emma.Api.AssemblyInfo.cs(17,12): error CS0579: Duplicate 'System.Reflection.AssemblyProductAttribute' attribute [C:\Users\david\GitHub\windsurfProjects\emma\Emma.Api\Emma.Api.csproj]
C:\Users\david\GitHub\windsurfProjects\emma\Emma.Api\obj\Debug\net8.0\Emma.Api.AssemblyInfo.cs(18,12): error CS0579: Duplicate 'System.Reflection.AssemblyTitleAttribute' attribute [C:\Users\david\GitHub\windsurfProjects\emma\Emma.Api\Emma.Api.csproj]
C:\Users\david\GitHub\windsurfProjects\emma\Emma.Api\obj\Debug\net8.0\Emma.Api.AssemblyInfo.cs(19,12): error CS0579: Duplicate 'System.Reflection.AssemblyVersionAttribute' attribute [C:\Users\david\GitHub\windsurfProjects\emma\Emma.Api\Emma.Api.csproj]
    2 Warning(s)
    7 Error(s)

Time Elapsed 00:00:01.27
